<html>
<body>
<pre>
<h1>µVision Build Log</h1>
<h2>Tool Versions:</h2>
IDE-Version: ¦ÌVision V5.32.0.0
Copyright (C) 2020 ARM Ltd and ARM Germany GmbH. All rights reserved.
License Information: 1 zain, 1, LIC=585FJ-UW19L-56VQ2-9VVAS-XQR6C-RI0JR
 
Tool Versions:
Toolchain:       MDK-ARM Plus  Version: 5.32.0.0
Toolchain Path:  D:\Keil\ARM\ARMCC\Bin
C Compiler:      Armcc.exe V5.06 update 7 (build 960)
Assembler:       Armasm.exe V5.06 update 7 (build 960)
Linker/Locator:  ArmLink.exe V5.06 update 7 (build 960)
Library Manager: ArmAr.exe V5.06 update 7 (build 960)
Hex Converter:   FromElf.exe V5.06 update 7 (build 960)
CPU DLL:         SARMCM3.DLL V5.32.0.0
Dialog DLL:      DCM.DLL V1.17.3.0
Target DLL:      CMSIS_AGDI.dll V1.32.12.0
Dialog DLL:      TCM.DLL V1.46.0.0
 
<h2>Project:</h2>
D:\Desktop\¶Ô´©»ú¹¹2025-06-17\USER\CAN.uvprojx
Project File Date:  04/03/2025

<h2>Output:</h2>
*** Using Compiler 'V5.06 update 7 (build 960)', folder: 'D:\Keil\ARM\ARMCC\Bin'
Build target 'CAN'
compiling task.c...
..\HARDWARE\Task.h(24): warning:  #1-D: last line of file ends without a newline
  #endif
..\HARDWARE\Motor.h(55): warning:  #1-D: last line of file ends without a newline
  #endif
..\HARDWARE\task.c(20): warning:  #223-D: function "atoi" declared implicitly
              uint8_t motorId = atoi(motorStr + 5);
..\HARDWARE\task.c(41): warning:  #223-D: function "atoi" declared implicitly
              uint8_t motorId = atoi(motorStr + 5);
..\HARDWARE\task.c(57): warning:  #223-D: function "atoi" declared implicitly
  				uint8_t MotorID = (uint8_t)atoi(idStr);
..\HARDWARE\task.c(72): warning:  #223-D: function "atoi" declared implicitly
  				uint8_t MotorID = (uint8_t)atoi(idStr);
..\HARDWARE\task.c: 6 warnings, 0 errors
linking...
Program Size: Code=10868 RO-data=560 RW-data=68 ZI-data=1124  
FromELF: creating hex file...
"..\OBJ\CAN.axf" - 0 Error(s), 6 Warning(s).

<h2>Software Packages used:</h2>

Package Vendor: Keil
                https://www.keil.com/pack/Keil.STM32F4xx_DFP.2.17.1.pack
                Keil.STM32F4xx_DFP.2.17.1
                STMicroelectronics STM32F4 Series Device Support, Drivers and Examples

<h2>Collection of Component include folders:</h2>
  C:\Users\zain\AppData\Local\Arm\Packs\Keil\STM32F4xx_DFP\2.17.1\Drivers\CMSIS\Device\ST\STM32F4xx\Include

<h2>Collection of Component Files used:</h2>
Build Time Elapsed:  00:00:01
</pre>
</body>
</html>
